// Jest Snapshot v1, https://goo.gl/fbAQLP

exports[`Index page matches snapshot 1`] = `
<div
  className="grid-y medium-grid-frame"
>
  <div
    className="cell shrink top-bar"
  >
    <div
      className="top-bar-left"
    >
      <ul
        className="menu"
      >
        <li
          className="menu-text"
        >
          Task It Out
        </li>
      </ul>
    </div>
    <div
      className="top-bar-right"
    >
      <ul
        className="menu"
      />
    </div>
  </div>
  <div
    className="cell auto cell-block-container"
  >
    <form>
      <input
        aria-describedby="addTask"
        onChange={[Function]}
        onKeyDown={[Function]}
        placeholder="I need to task it out ..."
        type="text"
        value=""
      />
    </form>
    <table>
      <tbody>
        <tr>
          <td>
            task1
          </td>
          <td>
            Sat Sep 19 2020
          </td>
          <td>
            open
          </td>
        </tr>
        <tr>
          <td>
            task2
          </td>
          <td>
            Sat Sep 19 2020
          </td>
          <td>
            open
          </td>
        </tr>
        <tr>
          <td>
            task3
          </td>
          <td>
            Sat Sep 19 2020
          </td>
          <td>
            open
          </td>
        </tr>
      </tbody>
    </table>
  </div>
  <footer
    className="cell shrink"
  >
    <p>
      footer
    </p>
  </footer>
</div>
`;
